running egg_info
creating build/px4_practice_py_pkg/px4_practice_py_pkg.egg-info
writing build/px4_practice_py_pkg/px4_practice_py_pkg.egg-info/PKG-INFO
writing dependency_links to build/px4_practice_py_pkg/px4_practice_py_pkg.egg-info/dependency_links.txt
writing entry points to build/px4_practice_py_pkg/px4_practice_py_pkg.egg-info/entry_points.txt
writing requirements to build/px4_practice_py_pkg/px4_practice_py_pkg.egg-info/requires.txt
writing top-level names to build/px4_practice_py_pkg/px4_practice_py_pkg.egg-info/top_level.txt
writing manifest file 'build/px4_practice_py_pkg/px4_practice_py_pkg.egg-info/SOURCES.txt'
reading manifest file 'build/px4_practice_py_pkg/px4_practice_py_pkg.egg-info/SOURCES.txt'
writing manifest file 'build/px4_practice_py_pkg/px4_practice_py_pkg.egg-info/SOURCES.txt'
running build
running build_py
creating /home/jaeho/flight_ws/src/px4_practice_py_pkg/build/px4_practice_py_pkg/build/lib/px4_practice_py_pkg
copying px4_practice_py_pkg/bt_nodes.py -> /home/jaeho/flight_ws/src/px4_practice_py_pkg/build/px4_practice_py_pkg/build/lib/px4_practice_py_pkg
copying px4_practice_py_pkg/__init__.py -> /home/jaeho/flight_ws/src/px4_practice_py_pkg/build/px4_practice_py_pkg/build/lib/px4_practice_py_pkg
copying px4_practice_py_pkg/main.py -> /home/jaeho/flight_ws/src/px4_practice_py_pkg/build/px4_practice_py_pkg/build/lib/px4_practice_py_pkg
copying px4_practice_py_pkg/offboardtakeoff.py -> /home/jaeho/flight_ws/src/px4_practice_py_pkg/build/px4_practice_py_pkg/build/lib/px4_practice_py_pkg
running install
running install_lib
creating /home/jaeho/flight_ws/src/px4_practice_py_pkg/install/px4_practice_py_pkg/lib/python3.12/site-packages/px4_practice_py_pkg
copying /home/jaeho/flight_ws/src/px4_practice_py_pkg/build/px4_practice_py_pkg/build/lib/px4_practice_py_pkg/bt_nodes.py -> /home/jaeho/flight_ws/src/px4_practice_py_pkg/install/px4_practice_py_pkg/lib/python3.12/site-packages/px4_practice_py_pkg
copying /home/jaeho/flight_ws/src/px4_practice_py_pkg/build/px4_practice_py_pkg/build/lib/px4_practice_py_pkg/__init__.py -> /home/jaeho/flight_ws/src/px4_practice_py_pkg/install/px4_practice_py_pkg/lib/python3.12/site-packages/px4_practice_py_pkg
copying /home/jaeho/flight_ws/src/px4_practice_py_pkg/build/px4_practice_py_pkg/build/lib/px4_practice_py_pkg/main.py -> /home/jaeho/flight_ws/src/px4_practice_py_pkg/install/px4_practice_py_pkg/lib/python3.12/site-packages/px4_practice_py_pkg
copying /home/jaeho/flight_ws/src/px4_practice_py_pkg/build/px4_practice_py_pkg/build/lib/px4_practice_py_pkg/offboardtakeoff.py -> /home/jaeho/flight_ws/src/px4_practice_py_pkg/install/px4_practice_py_pkg/lib/python3.12/site-packages/px4_practice_py_pkg
byte-compiling /home/jaeho/flight_ws/src/px4_practice_py_pkg/install/px4_practice_py_pkg/lib/python3.12/site-packages/px4_practice_py_pkg/bt_nodes.py to bt_nodes.cpython-312.pyc
byte-compiling /home/jaeho/flight_ws/src/px4_practice_py_pkg/install/px4_practice_py_pkg/lib/python3.12/site-packages/px4_practice_py_pkg/__init__.py to __init__.cpython-312.pyc
byte-compiling /home/jaeho/flight_ws/src/px4_practice_py_pkg/install/px4_practice_py_pkg/lib/python3.12/site-packages/px4_practice_py_pkg/main.py to main.cpython-312.pyc
byte-compiling /home/jaeho/flight_ws/src/px4_practice_py_pkg/install/px4_practice_py_pkg/lib/python3.12/site-packages/px4_practice_py_pkg/offboardtakeoff.py to offboardtakeoff.cpython-312.pyc
running install_data
creating /home/jaeho/flight_ws/src/px4_practice_py_pkg/install/px4_practice_py_pkg/share/ament_index/resource_index/packages
