[0.942s] Invoking command in '/home/jaeho/flight_ws/src/px4_practice_py_pkg': DEBUGINFOD_URLS=https://debuginfod.ubuntu.com PS1=(auoflightmulti) \[\e]0;\u@\h: \w\a\]${debian_chroot:+($debian_chroot)}\[\033[01;32m\]\u@\h\[\033[00m\]:\[\033[01;34m\]\w\[\033[00m\]\$ PYTHONPATH=/home/jaeho/flight_ws/src/px4_practice_py_pkg/build/px4_practice_py_pkg/prefix_override:/usr/lib/python3/dist-packages/colcon_core/task/python/colcon_distutils_commands:/home/jaeho/flight_ws/src/px4_practice_py_pkg/install/px4_practice_py_pkg/lib/python3.12/site-packages:${PYTHONPATH} VIRTUAL_ENV_PROMPT=(auoflightmulti) /usr/bin/python3 -W ignore:setup.py install is deprecated -W ignore:easy_install command is deprecated setup.py egg_info --egg-base build/px4_practice_py_pkg build --build-base /home/jaeho/flight_ws/src/px4_practice_py_pkg/build/px4_practice_py_pkg/build install --record /home/jaeho/flight_ws/src/px4_practice_py_pkg/build/px4_practice_py_pkg/install.log --single-version-externally-managed install_data
[1.325s] running egg_info
[1.352s] creating build/px4_practice_py_pkg/px4_practice_py_pkg.egg-info
[1.352s] writing build/px4_practice_py_pkg/px4_practice_py_pkg.egg-info/PKG-INFO
[1.353s] writing dependency_links to build/px4_practice_py_pkg/px4_practice_py_pkg.egg-info/dependency_links.txt
[1.353s] writing entry points to build/px4_practice_py_pkg/px4_practice_py_pkg.egg-info/entry_points.txt
[1.354s] writing requirements to build/px4_practice_py_pkg/px4_practice_py_pkg.egg-info/requires.txt
[1.354s] writing top-level names to build/px4_practice_py_pkg/px4_practice_py_pkg.egg-info/top_level.txt
[1.354s] writing manifest file 'build/px4_practice_py_pkg/px4_practice_py_pkg.egg-info/SOURCES.txt'
[1.411s] reading manifest file 'build/px4_practice_py_pkg/px4_practice_py_pkg.egg-info/SOURCES.txt'
[1.412s] writing manifest file 'build/px4_practice_py_pkg/px4_practice_py_pkg.egg-info/SOURCES.txt'
[1.412s] running build
[1.412s] running build_py
[1.412s] creating /home/jaeho/flight_ws/src/px4_practice_py_pkg/build/px4_practice_py_pkg/build/lib/px4_practice_py_pkg
[1.412s] copying px4_practice_py_pkg/bt_nodes.py -> /home/jaeho/flight_ws/src/px4_practice_py_pkg/build/px4_practice_py_pkg/build/lib/px4_practice_py_pkg
[1.413s] copying px4_practice_py_pkg/__init__.py -> /home/jaeho/flight_ws/src/px4_practice_py_pkg/build/px4_practice_py_pkg/build/lib/px4_practice_py_pkg
[1.413s] copying px4_practice_py_pkg/main.py -> /home/jaeho/flight_ws/src/px4_practice_py_pkg/build/px4_practice_py_pkg/build/lib/px4_practice_py_pkg
[1.413s] copying px4_practice_py_pkg/offboardtakeoff.py -> /home/jaeho/flight_ws/src/px4_practice_py_pkg/build/px4_practice_py_pkg/build/lib/px4_practice_py_pkg
[1.413s] running install
[1.420s] running install_lib
[1.447s] creating /home/jaeho/flight_ws/src/px4_practice_py_pkg/install/px4_practice_py_pkg/lib/python3.12/site-packages/px4_practice_py_pkg
[1.447s] copying /home/jaeho/flight_ws/src/px4_practice_py_pkg/build/px4_practice_py_pkg/build/lib/px4_practice_py_pkg/bt_nodes.py -> /home/jaeho/flight_ws/src/px4_practice_py_pkg/install/px4_practice_py_pkg/lib/python3.12/site-packages/px4_practice_py_pkg
[1.448s] copying /home/jaeho/flight_ws/src/px4_practice_py_pkg/build/px4_practice_py_pkg/build/lib/px4_practice_py_pkg/__init__.py -> /home/jaeho/flight_ws/src/px4_practice_py_pkg/install/px4_practice_py_pkg/lib/python3.12/site-packages/px4_practice_py_pkg
[1.448s] copying /home/jaeho/flight_ws/src/px4_practice_py_pkg/build/px4_practice_py_pkg/build/lib/px4_practice_py_pkg/main.py -> /home/jaeho/flight_ws/src/px4_practice_py_pkg/install/px4_practice_py_pkg/lib/python3.12/site-packages/px4_practice_py_pkg
[1.448s] copying /home/jaeho/flight_ws/src/px4_practice_py_pkg/build/px4_practice_py_pkg/build/lib/px4_practice_py_pkg/offboardtakeoff.py -> /home/jaeho/flight_ws/src/px4_practice_py_pkg/install/px4_practice_py_pkg/lib/python3.12/site-packages/px4_practice_py_pkg
[1.449s] byte-compiling /home/jaeho/flight_ws/src/px4_practice_py_pkg/install/px4_practice_py_pkg/lib/python3.12/site-packages/px4_practice_py_pkg/bt_nodes.py to bt_nodes.cpython-312.pyc
[1.451s] byte-compiling /home/jaeho/flight_ws/src/px4_practice_py_pkg/install/px4_practice_py_pkg/lib/python3.12/site-packages/px4_practice_py_pkg/__init__.py to __init__.cpython-312.pyc
[1.451s] byte-compiling /home/jaeho/flight_ws/src/px4_practice_py_pkg/install/px4_practice_py_pkg/lib/python3.12/site-packages/px4_practice_py_pkg/main.py to main.cpython-312.pyc
[1.451s] byte-compiling /home/jaeho/flight_ws/src/px4_practice_py_pkg/install/px4_practice_py_pkg/lib/python3.12/site-packages/px4_practice_py_pkg/offboardtakeoff.py to offboardtakeoff.cpython-312.pyc
[1.452s] running install_data
[1.452s] creating /home/jaeho/flight_ws/src/px4_practice_py_pkg/install/px4_practice_py_pkg/share/ament_index/resource_index/packages
[1.453s] error: can't copy 'resource/px4_practice_py_pkg': doesn't exist or not a regular file
[1.481s] Invoked command in '/home/jaeho/flight_ws/src/px4_practice_py_pkg' returned '1': DEBUGINFOD_URLS=https://debuginfod.ubuntu.com PS1=(auoflightmulti) \[\e]0;\u@\h: \w\a\]${debian_chroot:+($debian_chroot)}\[\033[01;32m\]\u@\h\[\033[00m\]:\[\033[01;34m\]\w\[\033[00m\]\$ PYTHONPATH=/home/jaeho/flight_ws/src/px4_practice_py_pkg/build/px4_practice_py_pkg/prefix_override:/usr/lib/python3/dist-packages/colcon_core/task/python/colcon_distutils_commands:/home/jaeho/flight_ws/src/px4_practice_py_pkg/install/px4_practice_py_pkg/lib/python3.12/site-packages:${PYTHONPATH} VIRTUAL_ENV_PROMPT=(auoflightmulti) /usr/bin/python3 -W ignore:setup.py install is deprecated -W ignore:easy_install command is deprecated setup.py egg_info --egg-base build/px4_practice_py_pkg build --build-base /home/jaeho/flight_ws/src/px4_practice_py_pkg/build/px4_practice_py_pkg/build install --record /home/jaeho/flight_ws/src/px4_practice_py_pkg/build/px4_practice_py_pkg/install.log --single-version-externally-managed install_data
